../Drivers/CMSIS/Include/core_cm4.h:1688:22:__NVIC_EnableIRQ	16	static
../Drivers/CMSIS/Include/core_cm4.h:1777:22:__NVIC_ClearPendingIRQ	16	static
../Core/Src/buzzer.c:45:6:BUZZER_init	16	static
../Core/Src/buzzer.c:66:6:BUZZER_set_freq	16	static
../Core/Src/buzzer.c:79:6:BUZZER_set_note	16	static
../Core/Src/buzzer.c:89:6:BUZZER_turn_on	4	static
../Core/Src/buzzer.c:98:6:BUZZER_turn_off	4	static
../Core/Src/buzzer.c:111:6:BUZZER_get_status	4	static
../Core/Src/buzzer.c:120:6:BUZZER_play_note	16	static
../Core/Src/buzzer.c:133:6:BUZZER_play_melody	8	static
../Core/Src/buzzer.c:159:6:TIM5_IRQHandler	4	static
