../Drivers/CMSIS/Include/core_cm4.h:1688:22:__NVIC_EnableIRQ	16	static
../Drivers/CMSIS/Include/core_cm4.h:1724:22:__NVIC_DisableIRQ	16	static,ignoring_inline_asm
../Drivers/CMSIS/Include/core_cm4.h:1777:22:__NVIC_ClearPendingIRQ	16	static
../Core/Src/measuring.c:106:6:MEAS_GPIO_analog_init	16	static
../Core/Src/measuring.c:122:6:DAC_reset	4	static
../Core/Src/measuring.c:135:6:DAC_init	16	static
../Core/Src/measuring.c:146:6:DAC_increment	4	static
../Core/Src/measuring.c:158:6:ADC_reset	4	static
../Core/Src/measuring.c:170:6:ADC3_IN4_single_init	16	static
../Core/Src/measuring.c:183:6:ADC3_IN4_single_read	8	static
../Core/Src/measuring.c:204:6:MEAS_timer_init	16	static
../Core/Src/measuring.c:230:6:ADC3_IN4_timer_init	16	static
../Core/Src/measuring.c:257:6:ADC3_IN4_timer_start	8	static
../Core/Src/measuring.c:277:6:ADC3_IN4_DMA_init	16	static
../Core/Src/measuring.c:305:6:ADC3_IN4_DMA_start	8	static
../Core/Src/measuring.c:330:6:ADC1_IN13_ADC2_IN5_dual_init	24	static
../Core/Src/measuring.c:361:6:ADC1_IN13_ADC2_IN5_dual_start	8	static
../Core/Src/measuring.c:383:6:ADC2_IN13_IN5_scan_init	16	static
../Core/Src/measuring.c:414:6:ADC2_IN13_IN5_scan_start	8	static
../Core/Src/measuring.c:435:6:ADC3_IN13_IN4_scan_init	16	static
../Core/Src/measuring.c:467:6:ADC3_IN13_IN4_scan_start	8	static
../Core/Src/measuring.c:483:6:TIM2_IRQHandler	8	static
../Core/Src/measuring.c:498:6:ADC_IRQHandler	8	static
../Core/Src/measuring.c:518:10:MEAS_return_data	16	static
../Core/Src/measuring.c:527:6:DMA2_Stream1_IRQHandler	8	static
../Core/Src/measuring.c:550:6:DMA2_Stream3_IRQHandler	8	static
../Core/Src/measuring.c:578:6:DMA2_Stream4_IRQHandler	16	static
../Core/Src/measuring.c:613:6:MEAS_show_data	64	static
../Core/Src/measuring.c:661:6:reset_sample_counter	4	static
